<?xml version="1.0" encoding="UTF-8"?>
<test>
  <group id="К6-361">
    <student name="Анисимова Наталья" login="Anisimova-Nataly">
      <task>1</task>
      <task>0</task>
      <task>1</task>
      <task>1</task>
      <task>0.5</task>
      <task>0.5</task>
      <task>1</task>
      <task>0</task>
      <task>0</task>
      <task>0.5</task>
      <task>0.5</task>
      <task>1</task>
      <task>0.5</task>
      <task>1</task>
      <task>1</task>
      <task>1</task>
      <task>1</task>
      <task>1</task>
      <task>1</task>
      <task>1</task>
      <task>1</task>
      <task>0</task>
      <task>0</task>
      <task>0</task>
      <task>1</task>
      <bonus comment='Использование перечислений в схеме'>1</bonus>
    </student>
    <student name="Артемьев Дмитрий" login="DmitriArtemyev">
      <task>1</task>
      <task>0</task>
      <task>0</task>
      <task>1</task>
      <task>0</task>
      <task>0</task>
      <task>0</task>
      <task>0</task>
      <task>0</task>
      <task>1</task>
      <task>1</task>
      <task>1</task>
      <task>1</task>
      <task>1</task>
      <task>1</task>
      <task>1</task>
      <task>1</task>
      <task>1</task>
      <task>1</task>
      <task>1</task>
      <task>1</task>
      <task>1</task>
      <task>0</task>
      <task>0</task>
      <task>1</task>
    </student>
    <student name="Бубенко Кирилл" login="KiBmephi">
      <task>1</task>
      <task>0.5</task>
      <task>1</task>
      <task>1</task>
      <task>1</task>
      <task>1</task>
      <task>1</task>
      <task>1</task>
      <task>0</task>
      <task>1</task>
      <task>1</task>
      <task>1</task>
      <task>1</task>
      <task>1</task>
      <task>1</task>
      <task>1</task>
      <task>1</task>
      <task>0</task>
      <task>0</task>
      <task>0</task>
      <task>0</task>
      <task>0</task>
      <task>0</task>
      <task>0</task>
      <task>1</task>
    </student>
    <student name="Джелоухова Алёна" login="">
      <task>1</task>
      <task>1</task>
      <task>1</task>
      <task>1</task>
      <task>1</task>
      <task>1</task>
      <task>1</task>
      <task>1</task>
      <task>1</task>
      <task>1</task>
      <task>1</task>
      <task>1</task>
      <task>1</task>
      <task>1</task>
      <task>1</task>
      <task>1</task>
      <task>1</task>
      <task>1</task>
      <task>0</task>
      <task>0</task>
      <task>0</task>
      <task>0</task>
      <task>0</task>
      <task>0</task>
      <task>1</task>
    </student>
    <student name="Заманов Айнур" login="">
      <task>1</task>
      <task>1</task>
      <task>1</task>
      <task>1</task>
      <task>1</task>
      <task>0.5</task>
      <task>1</task>
      <task>1</task>
      <task>0</task>
      <task>1</task>
      <task>1</task>
      <task>1</task>
      <task>1</task>
      <task>1</task>
      <task>1</task>
      <task>1</task>
      <task>1</task>
      <task>1</task>
      <task>1</task>
      <task>1</task>
      <task>1</task>
      <task>1</task>
      <task>0.5</task>
      <task>0.5</task>
      <task>1</task>
      <bonus comment='Использование перечислений в схеме'>1</bonus>
    </student>
    <student name="Михеев Денис" login="">
      <task>1</task>
      <task>0</task>
      <task>0.5</task>
      <task>1</task>
      <task>0.5</task>
      <task>0.5</task>
      <task>1</task>
      <task>1</task>
      <task>0</task>
      <task>1</task>
      <task>1</task>
      <task>1</task>
      <task>1</task>
      <task>1</task>
      <task>1</task>
      <task>1</task>
      <task>1</task>
      <task>1</task>
      <task>1</task>
      <task>1</task>
      <task>1</task>
      <task>0</task>
      <task>0</task>
      <task>0</task>
      <task>1</task>
    </student>
    <student name="Пивоваров Александр" login="Alexander-Pivovarov">
      <task>1</task>
      <task>1</task>
      <task>1</task>
      <task>1</task>
      <task>0.5</task>
      <task>1</task>
      <task>0</task>
      <task>1</task>
      <task>0</task>
      <task>1</task>
      <task>1</task>
      <task>1</task>
      <task>1</task>
      <task>1</task>
      <task>1</task>
      <task>1</task>
      <task>1</task>
      <task>0</task>
      <task>0</task>
      <task>1</task>
      <task>0</task>
      <task>0</task>
      <task>0</task>
      <task>0</task>
      <task>1</task>
    </student>
    <student name="Самсонов Артём" login="">
      <task>1</task>
      <task>1</task>
      <task>1</task>
      <task>1</task>
      <task>0.5</task>
      <task>1</task>
      <task>1</task>
      <task>1</task>
      <task>0</task>
      <task>1</task>
      <task>1</task>
      <task>1</task>
      <task>1</task>
      <task>1</task>
      <task>1</task>
      <task>1</task>
      <task>1</task>
      <task>1</task>
      <task>1</task>
      <task>1</task>
      <task>1</task>
      <task>0</task>
      <task>0</task>
      <task>0</task>
      <task>1</task>
    </student>
    <student name="Соловьёва Анна" login="SolovyovaAnya">
      <task>1</task>
      <task>1</task>
      <task>1</task>
      <task>1</task>
      <task>1</task>
      <task>1</task>
      <task>1</task>
      <task>1</task>
      <task>1</task>
      <task>0.5</task>
      <task>1</task>
      <task>1</task>
      <task>0.5</task>
      <task>1</task>
      <task>1</task>
      <task>1</task>
      <task>1</task>
      <task>1</task>
      <task>1</task>
      <task>0</task>
      <task>0</task>
      <task>0</task>
      <task>0</task>
      <task>0</task>
      <task>1</task>
      <bonus comment='Использование перечислений в схеме'>1</bonus>
    </student>
    <student name="Суханова Любовь" login="Lubov-Sukhanova">
      <task>1</task>
      <task>1</task>
      <task>1</task>
      <task>1</task>
      <task>1</task>
      <task>1</task>
      <task>1</task>
      <task>1</task>
      <task>1</task>
      <task>0.5</task>
      <task>0.5</task>
      <task>1</task>
      <task>1</task>
      <task>0.5</task>
      <task>1</task>
      <task>1</task>
      <task>1</task>
      <task>1</task>
      <task>1</task>
      <task>1</task>
      <task>1</task>
      <task>0</task>
      <task>0</task>
      <task>0</task>
      <task>1</task>
    </student>
    <student name="Тармазаков Евгений" login="TarmazakovEvgeny">
      <task>1</task>
      <task>1</task>
      <task>0</task>
      <task>1</task>
      <task>1</task>
      <task>1</task>
      <task>1</task>
      <task>1</task>
      <task>1</task>
      <task>0.5</task>
      <task>0.5</task>
      <task>0.5</task>
      <task>1</task>
      <task>1</task>
      <task>1</task>
      <task>1</task>
      <task>1</task>
      <task>1</task>
      <task>1</task>
      <task>1</task>
      <task>1</task>
      <task>1</task>
      <task>0.5</task>
      <task>0.5</task>
      <task>1</task>
      <bonus comment='Использование перечислений в схеме'>1</bonus>
    </student>
    <student name="Титоренко Алексей" login="atitorenko">
      <task>1</task>
      <task>0</task>
      <task>1</task>
      <task>1</task>
      <task>0.5</task>
      <task>1</task>
      <task>0</task>
      <task>1</task>
      <task>0</task>
      <task>1</task>
      <task>1</task>
      <task>1</task>
      <task>1</task>
      <task>1</task>
      <task>1</task>
      <task>1</task>
      <task>1</task>
      <task>1</task>
      <task>1</task>
      <task>1</task>
      <task>1</task>
      <task>1</task>
      <task>0</task>
      <task>0</task>
      <task>1</task>
      <bonus comment="Работающая схема">3</bonus>
    </student>
    <student name="Штанько Александр Николаевич" login="Shtanko-mephi">
      <task>1</task>
      <task>1</task>
      <task>1</task>
      <task>1</task>
      <task>1</task>
      <task>1</task>
      <task>1</task>
      <task>1</task>
      <task>0</task>
      <task>1</task>
      <task>1</task>
      <task>1</task>
      <task>1</task>
      <task>1</task>
      <task>1</task>
      <task>1</task>
      <task>1</task>
      <task>1</task>
      <task>1</task>
      <task>1</task>
      <task>1</task>
      <task>1</task>
      <task>1</task>
      <task>0.5</task>
      <task>1</task>
      <bonus comment="Использование перечислений в схеме">1</bonus>
      <bonus comment="Работающая схема">3</bonus>
    </student>
  </group>
  <group id="К6-362">
    <student name="Ахметсафин Владислав" login="BestSummerEU">
      <task>1</task>
      <task>1</task>
      <task>1</task>
      <task>1</task>
      <task>1</task>
      <task>0.5</task>
      <task>1</task>
      <task>1</task>
      <task>0.5</task>
      <task>1</task>
      <task>1</task>
      <task>1</task>
      <task>0.5</task>
      <task>1</task>
      <task>1</task>
      <task>0</task>
      <task>0</task>
      <task>0</task>
      <task>0</task>
      <task>0</task>
      <task>0</task>
      <task>0</task>
      <task>0</task>
      <task>0</task>
      <task>1</task>
      <bonus comment="Использование перечислений в схеме">1</bonus>
      <bonus comment="Работающая схема">3</bonus>
    </student>
    <student name="Галкин Александр" login="alex609">
      <task>1</task>
      <task>0.5</task>
      <task>0.5</task>
      <task>1</task>
      <task>1</task>
      <task>0.5</task>
      <task>1</task>
      <task>1</task>
      <task>0.5</task>
      <task>1</task>
      <task>1</task>
      <task>1</task>
      <task>1</task>
      <task>1</task>
      <task>1</task>
      <task>0</task>
      <task>0</task>
      <task>0</task>
      <task>0</task>
      <task>0</task>
      <task>0</task>
      <task>0</task>
      <task>0</task>
      <task>0</task>
      <task>1</task>
      <bonus comment="Использование перечислений в схеме">1</bonus>
      <bonus comment="Работающая схема">3</bonus>
    </student>
    <student name="Головко Ирина" login="">
      <task>1</task>
      <task>1</task>
      <task>1</task>
      <task>1</task>
      <task>0</task>
      <task>0.5</task>
      <task>1</task>
      <task>1</task>
      <task>1</task>
      <task>1</task>
      <task>1</task>
      <task>1</task>
      <task>0.5</task>
      <task>1</task>
      <task>1</task>
      <task>1</task>
      <task>1</task>
      <task>1</task>
      <task>1</task>
      <task>0</task>
      <task>0</task>
      <task>0</task>
      <task>0</task>
      <task>0</task>
      <task>1</task>
      <bonus comment='Использование перечислений в схеме'>1</bonus>
      <bonus comment="Работающая схема">3</bonus>
    </student>
    <student name="Джумайло Евгений" login="zhekon">
      <task>1</task>
      <task>0.5</task>
      <task>1</task>
      <task>1</task>
      <task>1</task>
      <task>0.5</task>
      <task>1</task>
      <task>1</task>
      <task>0</task>
      <task>1</task>
      <task>1</task>
      <task>1</task>
      <task>0.5</task>
      <task>1</task>
      <task>1</task>
      <task>1</task>
      <task>1</task>
      <task>1</task>
      <task>1</task>
      <task>0.5</task>
      <task>0</task>
      <task>1</task>
      <task>0.5</task>
      <task>0</task>
      <task>1</task>
    </student>
    <student name="Ерохин Владимир" login="Ierokhin94">
      <task>1</task>
      <task>1</task>
      <task>1</task>
      <task>1</task>
      <task>0.5</task>
      <task>1</task>
      <task>0</task>
      <task>1</task>
      <task>0</task>
      <task>1</task>
      <task>1</task>
      <task>1</task>
      <task>1</task>
      <task>1</task>
      <task>1</task>
      <task>1</task>
      <task>1</task>
      <task>1</task>
      <task>1</task>
      <task>1</task>
      <task>1</task>
      <task>0</task>
      <task>0</task>
      <task>0</task>
      <task>1</task>
    </student>
    <student name="Каталкина Виктория" login="">
      <task>0</task>
      <task>0</task>
      <task>0</task>
      <task>0</task>
      <task>0</task>
      <task>0</task>
      <task>0</task>
      <task>0</task>
      <task>0</task>
      <task>0</task>
      <task>0</task>
      <task>0</task>
      <task>0</task>
      <task>0</task>
      <task>0</task>
      <task>0</task>
      <task>0</task>
      <task>0</task>
      <task>0</task>
      <task>0</task>
      <task>0</task>
      <task>0</task>
      <task>0</task>
      <task>0</task>
      <task>0</task>
    </student>
    <student name="Левин Андрей" login="Levin-Andrei">
      <task>1</task>
      <task>1</task>
      <task>1</task>
      <task>1</task>
      <task>0.5</task>
      <task>0.5</task>
      <task>1</task>
      <task>1</task>
      <task>1</task>
      <task>1</task>
      <task>1</task>
      <task>1</task>
      <task>1</task>
      <task>1</task>
      <task>1</task>
      <task>1</task>
      <task>1</task>
      <task>1</task>
      <task>1</task>
      <task>0</task>
      <task>0</task>
      <task>0</task>
      <task>0</task>
      <task>0</task>
      <task>1</task>
      <bonus comment="Использование перечислений в схеме">1</bonus>
      <bonus comment="Работающая схема">3</bonus>
    </student>
    <student name="Молочков Ярослав" login="molochkov">
      <task>1</task>
      <task>1</task>
      <task>1</task>
      <task>1</task>
      <task>1</task>
      <task>0.5</task>
      <task>1</task>
      <task>1</task>
      <task>0</task>
      <task>1</task>
      <task>1</task>
      <task>1</task>
      <task>0.5</task>
      <task>0</task>
      <task>0</task>
      <task>1</task>
      <task>1</task>
      <task>0</task>
      <task>0</task>
      <task>0</task>
      <task>0</task>
      <task>0</task>
      <task>0</task>
      <task>0</task>
      <task>1</task>
      <bonus comment="Работающая схема">3</bonus>
    </student>
    <student name="Моряшова Виктория" login="MorVi">
      <task>1</task>
      <task>0</task>
      <task>0</task>
      <task>1</task>
      <task>0.5</task>
      <task>0.5</task>
      <task>1</task>
      <task>1</task>
      <task>0</task>
      <task>0</task>
      <task>1</task>
      <task>1</task>
      <task>1</task>
      <task>1</task>
      <task>1</task>
      <task>1</task>
      <task>1</task>
      <task>1</task>
      <task>1</task>
      <task>0</task>
      <task>0</task>
      <task>0</task>
      <task>0</task>
      <task>0</task>
      <task>1</task>
      <bonus comment='Использование перечислений в схеме'>1</bonus>
      <bonus comment="Работающая схема">3</bonus>
    </student>
    <student name="Полстянкин Константин" login="">
      <task>0</task>
      <task>0</task>
      <task>0</task>
      <task>0</task>
      <task>0</task>
      <task>0</task>
      <task>0</task>
      <task>0</task>
      <task>0</task>
      <task>0</task>
      <task>0</task>
      <task>0</task>
      <task>0</task>
      <task>0</task>
      <task>0</task>
      <task>0</task>
      <task>0</task>
      <task>0</task>
      <task>0</task>
      <task>0</task>
      <task>0</task>
      <task>0</task>
      <task>0</task>
      <task>0</task>
      <task>0</task>
    </student>
    <student name="Пурик Яна" login="def4onka ">
      <task>1</task>
      <task>1</task>
      <task>1</task>
      <task>1</task>
      <task>1</task>
      <task>1</task>
      <task>1</task>
      <task>1</task>
      <task>1</task>
      <task>1</task>
      <task>1</task>
      <task>1</task>
      <task>1</task>
      <task>1</task>
      <task>1</task>
      <task>1</task>
      <task>1</task>
      <task>1</task>
      <task>1</task>
      <task>0</task>
      <task>0</task>
      <task>0</task>
      <task>0</task>
      <task>0</task>
      <task>1</task>
    </student>
    <student name="Разживин Никита" login="nrazzhivin">
      <task>1</task>
      <task>1</task>
      <task>1</task>
      <task>1</task>
      <task>1</task>
      <task>0.5</task>
      <task>1</task>
      <task>1</task>
      <task>0</task>
      <task>1</task>
      <task>1</task>
      <task>1</task>
      <task>1</task>
      <task>1</task>
      <task>1</task>
      <task>1</task>
      <task>1</task>
      <task>1</task>
      <task>1</task>
      <task>0.5</task>
      <task>0.5</task>
      <task>0</task>
      <task>0.5</task>
      <task>0</task>
      <task>0</task>
    </student>
    <student name="Редюк Сергей" login="Sergred">
      <task>1</task>
      <task>1</task>
      <task>1</task>
      <task>1</task>
      <task>0.5</task>
      <task>1</task>
      <task>0</task>
      <task>1</task>
      <task>0</task>
      <task>1</task>
      <task>1</task>
      <task>1</task>
      <task>1</task>
      <task>1</task>
      <task>1</task>
      <task>1</task>
      <task>1</task>
      <task>0</task>
      <task>0</task>
      <task>1</task>
      <task>0</task>
      <task>0</task>
      <task>0</task>
      <task>0</task>
      <task>1</task>
    </student>
    <student name="Рябов Пётр" login="rain8841">
      <task>1</task>
      <task>0.5</task>
      <task>0.5</task>
      <task>1</task>
      <task>1</task>
      <task>1</task>
      <task>1</task>
      <task>1</task>
      <task>0</task>
      <task>1</task>
      <task>1</task>
      <task>1</task>
      <task>1</task>
      <task>1</task>
      <task>1</task>
      <task>1</task>
      <task>0</task>
      <task>0</task>
      <task>0</task>
      <task>0</task>
      <task>0</task>
      <task>0</task>
      <task>0</task>
      <task>0</task>
      <task>1</task>
      <bonus comment="Использование перечислений в схеме">1</bonus>
      <bonus comment="Работающая схема">3</bonus>
    </student>
    <student name="Скок Дарья" login="dariaskok">
      <task>1</task>
      <task>0</task>
      <task>0</task>
      <task>1</task>
      <task>0.5</task>
      <task>0.5</task>
      <task>1</task>
      <task>1</task>
      <task>1</task>
      <task>1</task>
      <task>1</task>
      <task>1</task>
      <task>1</task>
      <task>1</task>
      <task>1</task>
      <task>1</task>
      <task>1</task>
      <task>1</task>
      <task>1</task>
      <task>0</task>
      <task>0</task>
      <task>0</task>
      <task>0</task>
      <task>0</task>
      <task>0</task>
    </student>
    <student name="Стрекалов Олег" login="">
      <task>0</task>
      <task>0</task>
      <task>0</task>
      <task>0</task>
      <task>0</task>
      <task>0</task>
      <task>0</task>
      <task>0</task>
      <task>0</task>
      <task>0</task>
      <task>0</task>
      <task>0</task>
      <task>0</task>
      <task>0</task>
      <task>0</task>
      <task>0</task>
      <task>0</task>
      <task>0</task>
      <task>0</task>
      <task>0</task>
      <task>0</task>
      <task>0</task>
      <task>0</task>
      <task>0</task>
      <task>0</task>
    </student>
    <student name="Чайковская Александра" login="aschai">
      <task>1</task>
      <task>0.5</task>
      <task>0</task>
      <task>0</task>
      <task>1</task>
      <task>0.5</task>
      <task>1</task>
      <task>1</task>
      <task>0</task>
      <task>1</task>
      <task>1</task>
      <task>1</task>
      <task>1</task>
      <task>1</task>
      <task>1</task>
      <task>1</task>
      <task>1</task>
      <task>1</task>
      <task>1</task>
      <task>0.5</task>
      <task>0.5</task>
      <task>0.5</task>
      <task>0.5</task>
      <task>0</task>
      <task>1</task>
    </student>
  </group>
</test>
